
> queueless-backend@1.0.0 dev
> nodemon server.js

[33m[nodemon] 3.1.14[39m
[33m[nodemon] to restart at any time, enter `rs`[39m
[33m[nodemon] watching path(s): *.*[39m
[33m[nodemon] watching extensions: js,mjs,cjs,json[39m
[32m[nodemon] starting `node server.js`[39m
node.exe : file:///C:/Users/omans/OneDrive/Deskto
p/Qfactor/backend/src/services/tokenService.js:5
At line:1 char:1
+ & "C:\Program Files\nodejs/node.exe" 
"C:\Program Files\nodejs/node_mo ...
+ ~~~~~~~~~~~~~~~~~~~~~~~~~~~~~~~~~~~~~~~~~~~~~~~
~~~~~~~~~~~~~~~~~~~~~~
    + CategoryInfo          : NotSpecified: (fil 
   e:///C:/User...kenService.js:5:String) [], R  
  emoteException
    + FullyQualifiedErrorId : NativeCommandError
 
import Department from '../models/Department.js'
^^^^^^^^^^^^^^^^^

SyntaxError: Identifier 'Department' has already 
been declared
    at compileSourceTextModule 
(node:internal/modules/esm/utils:318:16)
    at ModuleLoader.moduleStrategy 
(node:internal/modules/esm/translators:111:18)
    at #translate 
(node:internal/modules/esm/loader:473:20)
    at afterLoad 
(node:internal/modules/esm/loader:529:29)
    at ModuleLoader.loadAndTranslate 
(node:internal/modules/esm/loader:534:12)
    at #getOrCreateModuleJobAfterResolve 
(node:internal/modules/esm/loader:571:36)
    at afterResolve 
(node:internal/modules/esm/loader:624:52)
    at ModuleLoader.getOrCreateModuleJob 
(node:internal/modules/esm/loader:630:12)
    at ModuleJob.syncLink 
(node:internal/modules/esm/module_job:143:33)
    at ModuleJob.link 
(node:internal/modules/esm/module_job:228:17)

Node.js v24.12.0
[31m[nodemon] app crashed - waiting for file changes before starting...[39m
[32m[nodemon] restarting due to changes...[39m
[32m[nodemon] starting `node server.js`[39m
file:///C:/Users/omans/OneDrive/Desktop/Qfactor/b
ackend/src/services/tokenService.js:5
import Department from '../models/Department.js'
^^^^^^^^^^^^^^^^^

SyntaxError: Identifier 'Department' has already 
been declared
    at compileSourceTextModule 
(node:internal/modules/esm/utils:318:16)
    at ModuleLoader.moduleStrategy 
(node:internal/modules/esm/translators:111:18)
    at #translate 
(node:internal/modules/esm/loader:473:20)
    at afterLoad 
(node:internal/modules/esm/loader:529:29)
    at ModuleLoader.loadAndTranslate 
(node:internal/modules/esm/loader:534:12)
    at #getOrCreateModuleJobAfterResolve 
(node:internal/modules/esm/loader:571:36)
    at afterResolve 
(node:internal/modules/esm/loader:624:52)
    at ModuleLoader.getOrCreateModuleJob 
(node:internal/modules/esm/loader:630:12)
    at ModuleJob.syncLink 
(node:internal/modules/esm/module_job:143:33)
    at ModuleJob.link 
(node:internal/modules/esm/module_job:228:17)

Node.js v24.12.0
[31m[nodemon] app crashed - waiting for file changes before starting...[39m
[32m[nodemon] restarting due to changes...[39m
[32m[nodemon] starting `node server.js`[39m
file:///C:/Users/omans/OneDrive/Desktop/Qfactor/b
ackend/src/services/tokenService.js:5
import Department from '../models/Department.js'
^^^^^^^^^^^^^^^^^

SyntaxError: Identifier 'Department' has already 
been declared
    at compileSourceTextModule 
(node:internal/modules/esm/utils:318:16)
    at ModuleLoader.moduleStrategy 
(node:internal/modules/esm/translators:111:18)
    at #translate 
(node:internal/modules/esm/loader:473:20)
    at afterLoad 
(node:internal/modules/esm/loader:529:29)
    at ModuleLoader.loadAndTranslate 
(node:internal/modules/esm/loader:534:12)
    at #getOrCreateModuleJobAfterResolve 
(node:internal/modules/esm/loader:571:36)
    at afterResolve 
(node:internal/modules/esm/loader:624:52)
    at ModuleLoader.getOrCreateModuleJob 
(node:internal/modules/esm/loader:630:12)
    at ModuleJob.syncLink 
(node:internal/modules/esm/module_job:143:33)
    at ModuleJob.link 
(node:internal/modules/esm/module_job:228:17)

Node.js v24.12.0
[31m[nodemon] app crashed - waiting for file changes before starting...[39m
[32m[nodemon] restarting due to changes...[39m
[32m[nodemon] starting `node server.js`[39m
file:///C:/Users/omans/OneDrive/Desktop/Qfactor/b
ackend/src/services/tokenService.js:5
import Department from '../models/Department.js'
^^^^^^^^^^^^^^^^^

SyntaxError: Identifier 'Department' has already 
been declared
    at compileSourceTextModule 
(node:internal/modules/esm/utils:318:16)
    at ModuleLoader.moduleStrategy 
(node:internal/modules/esm/translators:111:18)
    at #translate 
(node:internal/modules/esm/loader:473:20)
    at afterLoad 
(node:internal/modules/esm/loader:529:29)
    at ModuleLoader.loadAndTranslate 
(node:internal/modules/esm/loader:534:12)
    at #getOrCreateModuleJobAfterResolve 
(node:internal/modules/esm/loader:571:36)
    at afterResolve 
(node:internal/modules/esm/loader:624:52)
    at ModuleLoader.getOrCreateModuleJob 
(node:internal/modules/esm/loader:630:12)
    at ModuleJob.syncLink 
(node:internal/modules/esm/module_job:143:33)
    at ModuleJob.link 
(node:internal/modules/esm/module_job:228:17)

Node.js v24.12.0
[31m[nodemon] app crashed - waiting for file changes before starting...[39m
[32m[nodemon] restarting due to changes...[39m
[32m[nodemon] starting `node server.js`[39m
info: Socket.IO server initialized {"service":"queueless-backend","timestamp":"2026-04-04T11:03:52.301Z"}
MongoDB Connected: ac-xw4j4na-shard-00-00.6fsptf5.mongodb.net
node:events:486
      throw er; // Unhandled 'error' event
      ^

Error: listen EADDRINUSE: address already in use 
:::5001
    at Server.setupListenHandle [as _listen2] 
(node:net:1940:16)
    at listenInCluster (node:net:1997:12)
    at Server.listen (node:net:2102:7)
    at file:///C:/Users/omans/OneDrive/Desktop/Qf
actor/backend/server.js:88:10
    at process.processTicksAndRejections 
(node:internal/process/task_queues:103:5)
Emitted 'error' event on Server instance at:
    at emitErrorNT (node:net:1976:8)
    at process.processTicksAndRejections 
(node:internal/process/task_queues:89:21) {
  code: 'EADDRINUSE',
  errno: -4091,
  syscall: 'listen',
  address: '::',
  port: 5001
}

Node.js v24.12.0
[31m[nodemon] app crashed - waiting for file changes before starting...[39m
[32m[nodemon] restarting due to changes...[39m
[32m[nodemon] starting `node server.js`[39m
[32m[nodemon] restarting due to changes...[39m
[32m[nodemon] restarting due to changes...[39m
[32m[nodemon] starting `node server.js`[39m
info: Socket.IO server initialized {"service":"queueless-backend","timestamp":"2026-04-04T11:15:07.362Z"}
MongoDB Connected: ac-xw4j4na-shard-00-00.6fsptf5.mongodb.net
≡ƒÜÇ Server running on port 5001
≡ƒôè Environment: development
≡ƒöù Socket.IO enabled
[32m[nodemon] restarting due to changes...[39m
[32m[nodemon] starting `node server.js`[39m
info: Socket.IO server initialized {"service":"queueless-backend","timestamp":"2026-04-04T11:16:31.610Z"}
MongoDB Connected: ac-xw4j4na-shard-00-00.6fsptf5.mongodb.net
≡ƒÜÇ Server running on port 5001
≡ƒôè Environment: development
≡ƒöù Socket.IO enabled
[32m[nodemon] restarting due to changes...[39m
[32m[nodemon] starting `node server.js`[39m
info: Socket.IO server initialized {"service":"queueless-backend","timestamp":"2026-04-04T11:25:35.831Z"}
MongoDB Connected: ac-xw4j4na-shard-00-00.6fsptf5.mongodb.net
node:events:486
      throw er; // Unhandled 'error' event
      ^

Error: listen EADDRINUSE: address already in use 
:::5001
    at Server.setupListenHandle [as _listen2] 
(node:net:1940:16)
    at listenInCluster (node:net:1997:12)
    at Server.listen (node:net:2102:7)
    at file:///C:/Users/omans/OneDrive/Desktop/Qf
actor/backend/server.js:88:10
    at process.processTicksAndRejections 
(node:internal/process/task_queues:103:5)
Emitted 'error' event on Server instance at:
    at emitErrorNT (node:net:1976:8)
    at process.processTicksAndRejections 
(node:internal/process/task_queues:89:21) {
  code: 'EADDRINUSE',
  errno: -4091,
  syscall: 'listen',
  address: '::',
  port: 5001
}

Node.js v24.12.0
[31m[nodemon] app crashed - waiting for file changes before starting...[39m
[32m[nodemon] restarting due to changes...[39m
[32m[nodemon] starting `node server.js`[39m
info: Socket.IO server initialized {"service":"queueless-backend","timestamp":"2026-04-04T11:25:43.520Z"}
MongoDB Connected: ac-xw4j4na-shard-00-00.6fsptf5.mongodb.net
node:events:486
      throw er; // Unhandled 'error' event
      ^

Error: listen EADDRINUSE: address already in use 
:::5001
    at Server.setupListenHandle [as _listen2] 
(node:net:1940:16)
    at listenInCluster (node:net:1997:12)
    at Server.listen (node:net:2102:7)
    at file:///C:/Users/omans/OneDrive/Desktop/Qf
actor/backend/server.js:88:10
    at process.processTicksAndRejections 
(node:internal/process/task_queues:103:5)
Emitted 'error' event on Server instance at:
    at emitErrorNT (node:net:1976:8)
    at process.processTicksAndRejections 
(node:internal/process/task_queues:89:21) {
  code: 'EADDRINUSE',
  errno: -4091,
  syscall: 'listen',
  address: '::',
  port: 5001
}

Node.js v24.12.0
[31m[nodemon] app crashed - waiting for file changes before starting...[39m
[32m[nodemon] restarting due to changes...[39m
[32m[nodemon] starting `node server.js`[39m
info: Socket.IO server initialized {"service":"queueless-backend","timestamp":"2026-04-04T11:27:03.309Z"}
MongoDB Connected: ac-xw4j4na-shard-00-00.6fsptf5.mongodb.net
≡ƒÜÇ Server running on port 5001
≡ƒôè Environment: development
≡ƒöù Socket.IO enabled
[32m[nodemon] restarting due to changes...[39m
[32m[nodemon] starting `node server.js`[39m
info: Socket.IO server initialized {"service":"queueless-backend","timestamp":"2026-04-04T11:35:25.395Z"}
MongoDB Connected: ac-xw4j4na-shard-00-00.6fsptf5.mongodb.net
node:events:486
      throw er; // Unhandled 'error' event
      ^

Error: listen EADDRINUSE: address already in use 
:::5001
    at Server.setupListenHandle [as _listen2] 
(node:net:1940:16)
    at listenInCluster (node:net:1997:12)
    at Server.listen (node:net:2102:7)
    at file:///C:/Users/omans/OneDrive/Desktop/Qf
actor/backend/server.js:88:10
    at process.processTicksAndRejections 
(node:internal/process/task_queues:103:5)
Emitted 'error' event on Server instance at:
    at emitErrorNT (node:net:1976:8)
    at process.processTicksAndRejections 
(node:internal/process/task_queues:89:21) {
  code: 'EADDRINUSE',
  errno: -4091,
  syscall: 'listen',
  address: '::',
  port: 5001
}

Node.js v24.12.0
[31m[nodemon] app crashed - waiting for file changes before starting...[39m
[32m[nodemon] restarting due to changes...[39m
[32m[nodemon] starting `node server.js`[39m
info: Socket.IO server initialized {"service":"queueless-backend","timestamp":"2026-04-04T11:35:34.986Z"}
MongoDB Connected: ac-xw4j4na-shard-00-00.6fsptf5.mongodb.net
node:events:486
      throw er; // Unhandled 'error' event
      ^

Error: listen EADDRINUSE: address already in use 
:::5001
    at Server.setupListenHandle [as _listen2] 
(node:net:1940:16)
    at listenInCluster (node:net:1997:12)
    at Server.listen (node:net:2102:7)
    at file:///C:/Users/omans/OneDrive/Desktop/Qf
actor/backend/server.js:88:10
    at process.processTicksAndRejections 
(node:internal/process/task_queues:103:5)
Emitted 'error' event on Server instance at:
    at emitErrorNT (node:net:1976:8)
    at process.processTicksAndRejections 
(node:internal/process/task_queues:89:21) {
  code: 'EADDRINUSE',
  errno: -4091,
  syscall: 'listen',
  address: '::',
  port: 5001
}

Node.js v24.12.0
[31m[nodemon] app crashed - waiting for file changes before starting...[39m
[32m[nodemon] restarting due to changes...[39m
[32m[nodemon] starting `node server.js`[39m
[32m[nodemon] restarting due to changes...[39m
[32m[nodemon] starting `node server.js`[39m
info: Socket.IO server initialized {"service":"queueless-backend","timestamp":"2026-04-04T11:35:50.499Z"}
MongoDB Connected: ac-xw4j4na-shard-00-00.6fsptf5.mongodb.net
node:events:486
      throw er; // Unhandled 'error' event
      ^

Error: listen EADDRINUSE: address already in use 
:::5001
    at Server.setupListenHandle [as _listen2] 
(node:net:1940:16)
    at listenInCluster (node:net:1997:12)
    at Server.listen (node:net:2102:7)
    at file:///C:/Users/omans/OneDrive/Desktop/Qf
actor/backend/server.js:88:10
    at process.processTicksAndRejections 
(node:internal/process/task_queues:103:5)
Emitted 'error' event on Server instance at:
    at emitErrorNT (node:net:1976:8)
    at process.processTicksAndRejections 
(node:internal/process/task_queues:89:21) {
  code: 'EADDRINUSE',
  errno: -4091,
  syscall: 'listen',
  address: '::',
  port: 5001
}

Node.js v24.12.0
[31m[nodemon] app crashed - waiting for file changes before starting...[39m
[32m[nodemon] restarting due to changes...[39m
[32m[nodemon] starting `node server.js`[39m
[32m[nodemon] restarting due to changes...[39m
[32m[nodemon] starting `node server.js`[39m
[32m[nodemon] restarting due to changes...[39m
info: Socket.IO server initialized {"service":"queueless-backend","timestamp":"2026-04-04T11:36:01.370Z"}
[32m[nodemon] starting `node server.js`[39m
info: Socket.IO server initialized {"service":"queueless-backend","timestamp":"2026-04-04T11:36:05.744Z"}
MongoDB Connected: ac-xw4j4na-shard-00-00.6fsptf5.mongodb.net
≡ƒÜÇ Server running on port 5001
≡ƒôè Environment: development
≡ƒöù Socket.IO enabled
[32m[nodemon] restarting due to changes...[39m
[32m[nodemon] starting `node server.js`[39m
info: Socket.IO server initialized {"service":"queueless-backend","timestamp":"2026-04-04T11:36:17.867Z"}
MongoDB Connected: ac-xw4j4na-shard-00-00.6fsptf5.mongodb.net
node:events:486
      throw er; // Unhandled 'error' event
      ^

Error: listen EADDRINUSE: address already in use 
:::5001
    at Server.setupListenHandle [as _listen2] 
(node:net:1940:16)
    at listenInCluster (node:net:1997:12)
    at Server.listen (node:net:2102:7)
    at file:///C:/Users/omans/OneDrive/Desktop/Qf
actor/backend/server.js:88:10
    at process.processTicksAndRejections 
(node:internal/process/task_queues:103:5)
Emitted 'error' event on Server instance at:
    at emitErrorNT (node:net:1976:8)
    at process.processTicksAndRejections 
(node:internal/process/task_queues:89:21) {
  code: 'EADDRINUSE',
  errno: -4091,
  syscall: 'listen',
  address: '::',
  port: 5001
}

Node.js v24.12.0
[31m[nodemon] app crashed - waiting for file changes before starting...[39m
[32m[nodemon] restarting due to changes...[39m
[32m[nodemon] starting `node server.js`[39m
[32m[nodemon] restarting due to changes...[39m
[32m[nodemon] starting `node server.js`[39m
[32m[nodemon] restarting due to changes...[39m
[32m[nodemon] restarting due to changes...[39m
info: Socket.IO server initialized {"service":"queueless-backend","timestamp":"2026-04-04T11:36:34.000Z"}
[32m[nodemon] starting `node server.js`[39m
[32m[nodemon] restarting due to changes...[39m
[32m[nodemon] restarting due to changes...[39m
[32m[nodemon] starting `node server.js`[39m
info: Socket.IO server initialized {"service":"queueless-backend","timestamp":"2026-04-04T11:36:44.049Z"}
MongoDB Connected: ac-xw4j4na-shard-00-00.6fsptf5.mongodb.net
≡ƒÜÇ Server running on port 5001
≡ƒôè Environment: development
≡ƒöù Socket.IO enabled
[32m[nodemon] restarting due to changes...[39m
[32m[nodemon] starting `node server.js`[39m
info: Socket.IO server initialized {"service":"queueless-backend","timestamp":"2026-04-04T11:37:02.152Z"}
MongoDB Connected: ac-xw4j4na-shard-00-00.6fsptf5.mongodb.net
node:events:486
      throw er; // Unhandled 'error' event
      ^

Error: listen EADDRINUSE: address already in use 
:::5001
    at Server.setupListenHandle [as _listen2] 
(node:net:1940:16)
    at listenInCluster (node:net:1997:12)
    at Server.listen (node:net:2102:7)
    at file:///C:/Users/omans/OneDrive/Desktop/Qf
actor/backend/server.js:88:10
    at process.processTicksAndRejections 
(node:internal/process/task_queues:103:5)
Emitted 'error' event on Server instance at:
    at emitErrorNT (node:net:1976:8)
    at process.processTicksAndRejections 
(node:internal/process/task_queues:89:21) {
  code: 'EADDRINUSE',
  errno: -4091,
  syscall: 'listen',
  address: '::',
  port: 5001
}

Node.js v24.12.0
[31m[nodemon] app crashed - waiting for file changes before starting...[39m
[32m[nodemon] restarting due to changes...[39m
[32m[nodemon] starting `node server.js`[39m
info: Socket.IO server initialized {"service":"queueless-backend","timestamp":"2026-04-04T11:38:37.096Z"}
MongoDB Connected: ac-xw4j4na-shard-00-00.6fsptf5.mongodb.net
≡ƒÜÇ Server running on port 5001
≡ƒôè Environment: development
≡ƒöù Socket.IO enabled
[32m[nodemon] restarting due to changes...[39m
[32m[nodemon] starting `node server.js`[39m
file:///C:/Users/omans/OneDrive/Desktop/Qfactor/b
ackend/server.js:13
import connectDB from './src/config/database.js';
       ^^^^^^^^^
SyntaxError: The requested module 
'./src/config/database.js' does not provide an 
export named 'default'
    at #asyncInstantiate 
(node:internal/modules/esm/module_job:302:21)
    at process.processTicksAndRejections 
(node:internal/process/task_queues:103:5)
    at async ModuleJob.run 
(node:internal/modules/esm/module_job:405:5)
    at async onImport.tracePromise.__proto__ 
(node:internal/modules/esm/loader:660:26)
    at async asyncRunEntryPointWithESMLoader 
(node:internal/modules/run_main:101:5)

Node.js v24.12.0
[31m[nodemon] app crashed - waiting for file changes before starting...[39m
[32m[nodemon] restarting due to changes...[39m
[32m[nodemon] starting `node server.js`[39m
≡ƒöî Socket.IO initialized
(node:25884) [MONGODB DRIVER] Warning: 
useNewUrlParser is a deprecated option: 
useNewUrlParser has no effect since Node.js 
Driver version 4.0.0 and will be removed in the 
next major version
(Use `node --trace-warnings ...` to show where 
the warning was created)
(node:25884) [MONGODB DRIVER] Warning: 
useUnifiedTopology is a deprecated option: 
useUnifiedTopology has no effect since Node.js 
Driver version 4.0.0 and will be removed in the 
next major version
Γ£à MongoDB Connected: ac-xw4j4na-shard-00-00.6fsptf5.mongodb.net
node:events:486
      throw er; // Unhandled 'error' event
      ^

Error: listen EADDRINUSE: address already in use 
:::5001
    at Server.setupListenHandle [as _listen2] 
(node:net:1940:16)
    at listenInCluster (node:net:1997:12)
    at Server.listen (node:net:2102:7)
    at file:///C:/Users/omans/OneDrive/Desktop/Qf
actor/backend/server.js:88:10
    at process.processTicksAndRejections 
(node:internal/process/task_queues:103:5)
Emitted 'error' event on Server instance at:
    at emitErrorNT (node:net:1976:8)
    at process.processTicksAndRejections 
(node:internal/process/task_queues:89:21) {
  code: 'EADDRINUSE',
  errno: -4091,
  syscall: 'listen',
  address: '::',
  port: 5001
}

Node.js v24.12.0
[31m[nodemon] app crashed - waiting for file changes before starting...[39m
